11:49:18 **** Incremental Build of configuration Debug for project stm32f103c8t6 ****
make -j8 all 
arm-none-eabi-gcc "../Src/Timer.c" -mcpu=cortex-m3 -std=gnu11 -g3 -DDEBUG -DSTM32 -DSTM32F1 -DSTM32F103C8Tx -DSTM32F103x6 -c -I../Inc -I"D:/Learn/AGV/cmsis-device-f1-master/Include" -I"D:/Learn/AGV/cmsis-core-master/Core/Include" -O0 -ffunction-sections -fdata-sections -Wall -fstack-usage -fcyclomatic-complexity -MMD -MP -MF"Src/Timer.d" -MT"Src/Timer.o" --specs=nano.specs -mfloat-abi=soft -mthumb -o "Src/Timer.o"
arm-none-eabi-gcc -o "stm32f103c8t6.elf" @"objects.list"   -mcpu=cortex-m3 -T"D:\Learn\AGV\STM32F103\stm32f103c8t6\STM32F103C8TX_FLASH.ld" --specs=nosys.specs -Wl,-Map="stm32f103c8t6.map" -Wl,--gc-sections -static --specs=nano.specs -mfloat-abi=soft -mthumb -Wl,--start-group -lc -lm -Wl,--end-group
Finished building target: stm32f103c8t6.elf
 
arm-none-eabi-size  stm32f103c8t6.elf 
arm-none-eabi-objdump -h -S stm32f103c8t6.elf  > "stm32f103c8t6.list"
arm-none-eabi-objcopy  -O ihex stm32f103c8t6.elf  "stm32f103c8t6.hex"
   text	   data	    bss	    dec	    hex	filename
   3404	     24	   1568	   4996	   1384	stm32f103c8t6.elf
Finished building: default.size.stdout
 
Finished building: stm32f103c8t6.list
Finished building: stm32f103c8t6.hex
 
 
11:49:20 **** Incremental Build of configuration Debug for project stm32f103c8t6 ****
make -j8 all 
arm-none-eabi-size  stm32f103c8t6.elf 
   text	   data	    bss	    dec	    hex	filename
   3404	     24	   1568	   4996	   1384	stm32f103c8t6.elf
Finished building: default.size.stdout
 
