11:46:49 **** Incremental Build of configuration Debug for project stm32_testf ****
make -j8 all 
arm-none-eabi-gcc "../Src/Systick_Timer.c" -mcpu=cortex-m4 -std=gnu11 -g3 -DDEBUG -DSTM32 -DSTM32F4 -DSTM32F407VETx -DSTM32F407xx -c -I../Inc -I"/home/truongthinh/CMSIS_SCR/CMSIS_6/CMSIS/Core/Include" -I"/home/truongthinh/CMSIS_SCR/cmsis-device-f4/Include" -O0 -ffunction-sections -fdata-sections -Wall -fstack-usage -fcyclomatic-complexity -MMD -MP -MF"Src/Systick_Timer.d" -MT"Src/Systick_Timer.o" --specs=nano.specs -mfpu=fpv4-sp-d16 -mfloat-abi=hard -mthumb -o "Src/Systick_Timer.o"
arm-none-eabi-gcc -o "stm32_testf.elf" @"objects.list"   -mcpu=cortex-m4 -T"/home/truongthinh/STM32CubeIDE/workspace_1.19.0/stm32_testf/STM32F407VETX_FLASH.ld" --specs=nosys.specs -Wl,-Map="stm32_testf.map" -Wl,--gc-sections -static --specs=nano.specs -mfpu=fpv4-sp-d16 -mfloat-abi=hard -mthumb -Wl,--start-group -lc -lm -Wl,--end-group
Finished building target: stm32_testf.elf
 
arm-none-eabi-size  stm32_testf.elf 
arm-none-eabi-objdump -h -S stm32_testf.elf  > "stm32_testf.list"
   text	   data	    bss	    dec	    hex	filename
    696	      0	   1568	   2264	    8d8	stm32_testf.elf
Finished building: default.size.stdout
 
Finished building: stm32_testf.list
 

11:46:50 Build Finished. 0 errors, 0 warnings. (took 227ms)

