11:24:49 **** Incremental Build of configuration Debug for project TEST1 ****
make -j8 all 
arm-none-eabi-gcc -mcpu=cortex-m4 -g3 -DDEBUG -c -x assembler-with-cpp -MMD -MP -MF"Startup/startup_stm32f407iehx.d" -MT"Startup/startup_stm32f407iehx.o" --specs=nano.specs -mfloat-abi=soft -mthumb -o "Startup/startup_stm32f407iehx.o" "../Startup/startup_stm32f407iehx.s"
arm-none-eabi-gcc "../Src/main.c" -mcpu=cortex-m4 -std=gnu11 -g3 -DDEBUG -DSTM32 -DSTM32F4 -DSTM32F407IEHx -c -I../Inc -O0 -ffunction-sections -fdata-sections -Wall -fstack-usage -fcyclomatic-complexity -MMD -MP -MF"Src/main.d" -MT"Src/main.o" --specs=nano.specs -mfloat-abi=soft -mthumb -o "Src/main.o"
arm-none-eabi-gcc "../Src/syscalls.c" -mcpu=cortex-m4 -std=gnu11 -g3 -DDEBUG -DSTM32 -DSTM32F4 -DSTM32F407IEHx -c -I../Inc -O0 -ffunction-sections -fdata-sections -Wall -fstack-usage -fcyclomatic-complexity -MMD -MP -MF"Src/syscalls.d" -MT"Src/syscalls.o" --specs=nano.specs -mfloat-abi=soft -mthumb -o "Src/syscalls.o"
arm-none-eabi-gcc "../Src/sysmem.c" -mcpu=cortex-m4 -std=gnu11 -g3 -DDEBUG -DSTM32 -DSTM32F4 -DSTM32F407IEHx -c -I../Inc -O0 -ffunction-sections -fdata-sections -Wall -fstack-usage -fcyclomatic-complexity -MMD -MP -MF"Src/sysmem.d" -MT"Src/sysmem.o" --specs=nano.specs -mfloat-abi=soft -mthumb -o "Src/sysmem.o"
arm-none-eabi-gcc -o "TEST1.elf" @"objects.list"   -mcpu=cortex-m4 -T"/home/truongthinh/STM32CubeIDE/workspace_1.19.0/TEST1/STM32F407IEHX_FLASH.ld" --specs=nosys.specs -Wl,-Map="TEST1.map" -Wl,--gc-sections -static --specs=nano.specs -mfloat-abi=soft -mthumb -Wl,--start-group -lc -lm -Wl,--end-group
Finished building target: TEST1.elf
 
arm-none-eabi-size  TEST1.elf 
arm-none-eabi-objdump -h -S TEST1.elf  > "TEST1.list"
   text	   data	    bss	    dec	    hex	filename
    776	      0	   1568	   2344	    928	TEST1.elf
Finished building: default.size.stdout
 
Finished building: TEST1.list
 

11:24:49 Build Finished. 0 errors, 0 warnings. (took 238ms)

